// Jest Snapshot v1, https://goo.gl/fbAQLP

exports[`NavBar renders when passed 1`] = `
<div class="navbar-container">
  <b-navbar sticky="true" toggleable="lg" type="dark" variant="dark">
    <b-navbar-brand href="/">iZsk</b-navbar-brand>
    <b-navbar-toggle target="nav-collapse"></b-navbar-toggle>
    <b-collapse id="nav-collapse" is-nav="">
      <b-navbar-nav>
        <b-nav-item>Home</b-nav-item>
        <b-nav-item>
          About
        </b-nav-item>
        <b-nav-item>Education</b-nav-item>
      </b-navbar-nav>
      <b-navbar-nav class="ml-auto">
        <b-nav-item>Experience</b-nav-item>
        <b-nav-item>Photography</b-nav-item>
        <b-nav-item>Contact</b-nav-item>
      </b-navbar-nav>
    </b-collapse>
  </b-navbar>
</div>
`;
